// Jest Snapshot v1, https://goo.gl/fbAQLP

exports[`<HeroSection /> has valid snapshot 1`] = `
<DocumentFragment>
  <section
    class="MuiBox-root css-0"
  >
    <div
      class="MuiContainer-root MuiContainer-maxWidthLg css-1"
    >
      <div
        class="MuiGrid-root MuiGrid-container MuiGrid-spacing-xs-undefined css-2"
      >
        <div
          class="MuiGrid-root MuiGrid-item css-3"
        >
          <a
            class="MuiTypography-root MuiTypography-inherit MuiLink-root MuiLink-underlineNone MuiTypography-root MuiTypography-body active css-4"
            href="/"
          >
            <svg
              aria-hidden="true"
              class="MuiSvgIcon-root MuiSvgIcon-fontSizeMedium css-5"
              focusable="false"
              viewBox="0 0 24 24"
            >
              <path
                d="m 9.3,18.4 c 0.3,-0.3 0.4,-0.9 0,-1.2 0,0 0,0 0,0 L 5.1,13 h 16 C 21.6,12.9 22,12.5 22,12 22,11.5 21.6,11.1 21.1,11.1 H 5 L 9.2,6.9 C 9.5,6.5 9.5,6 9.2,5.6 8.9,5.3 8.3,5.3 8,5.6 v 0 l -5.7,5.8 v 0 C 2.2,11.5 2.2,11.6 2.1,11.7 2,11.7 2,11.8 2,11.9 c 0,0.2 0.1,0.5 0.2,0.7 l 5.7,5.8 c 0.4,0.3 1,0.3 1.4,0 z"
              />
            </svg>
             hero-section.back
          </a>
          <h1
            class="MuiTypography-root MuiTypography-h1 css-6"
          >
            hero-section.title-client
          </h1>
        </div>
      </div>
    </div>
  </section>
</DocumentFragment>
`;
