// Jest Snapshot v1, https://goo.gl/fbAQLP

exports[`<TeamSection /> has valid snapshot 1`] = `
<DocumentFragment>
  <section
    class="MuiBox-root css-0"
  >
    <div
      class="MuiContainer-root MuiContainer-maxWidthMd LabSection-container css-1"
    >
      <h2
        class="MuiTypography-root MuiTypography-h2 MuiTypography-alignCenter LabTeamSection-title css-2"
      >
        title
      </h2>
      <div
        class="MuiGrid-root MuiGrid-container MuiGrid-spacing-xs-5 css-3"
      >
        <div
          class="MuiGrid-root MuiGrid-item MuiGrid-grid-xs-12 MuiGrid-grid-md-4 css-4"
        />
        <div
          class="MuiGrid-root MuiGrid-item MuiGrid-grid-xs-12 MuiGrid-grid-md-8 css-5"
        >
          <h3
            class="MuiTypography-root MuiTypography-h3 LabTeamSection-subTitle css-6"
          >
            member.title
          </h3>
        </div>
      </div>
    </div>
  </section>
  <section
    class="MuiBox-root css-0"
  >
    <div
      class="MuiContainer-root MuiContainer-maxWidthMd LabSection-container css-1"
    >
      <div
        class="MuiGrid-root MuiGrid-container MuiGrid-spacing-xs-5 css-2"
      >
        <div
          class="MuiGrid-root MuiGrid-item MuiGrid-grid-xs-12 MuiGrid-grid-md-4 css-3"
        >
          <div
            class="LabTeamSection-image"
          >
            {"src":"test-file-stub","alt":"member.photo.alt","title":"member.photo.caption","width":238,"height":238,"objectFit":"contain","placeholder":"blur","blurDataURL":"/images/placeholder.svg"}
          </div>
        </div>
        <div
          class="MuiGrid-root MuiGrid-item MuiGrid-grid-xs-12 MuiGrid-grid-md-8 css-4"
        >
          <p
            class="MuiTypography-root MuiTypography-body-sm LabTeamSection-description css-5"
          >
            member.description
          </p>
          <a
            class="MuiTypography-root MuiTypography-inherit MuiLink-root MuiLink-underlineNone MuiButton-root MuiButton-text MuiButton-textPrimary MuiButton-sizeSmall MuiButton-textSizeSmall MuiButton-disableElevation MuiButton-fullWidth MuiButtonBase-root LabTeamSection-more css-6"
            href="/about"
            tabindex="0"
          >
            common:common.more
            <span
              class="MuiButton-endIcon MuiButton-iconSizeSmall css-7"
            >
              <svg
                aria-hidden="true"
                class="MuiSvgIcon-root MuiSvgIcon-fontSizeMedium css-8"
                data-testid="ArrowForwardRoundedIcon"
                focusable="false"
                viewBox="0 0 24 24"
              >
                <path
                  d="M5 13h11.17l-4.88 4.88c-.39.39-.39 1.03 0 1.42.39.39 1.02.39 1.41 0l6.59-6.59c.39-.39.39-1.02 0-1.41l-6.58-6.6a.9959.9959 0 0 0-1.41 0c-.39.39-.39 1.02 0 1.41L16.17 11H5c-.55 0-1 .45-1 1s.45 1 1 1z"
                />
              </svg>
            </span>
            <span
              class="MuiTouchRipple-root css-9"
            />
          </a>
        </div>
      </div>
    </div>
  </section>
</DocumentFragment>
`;
