// Jest Snapshot v1, https://goo.gl/fbAQLP

exports[`<TeamSection /> has valid snapshot 1`] = `
<DocumentFragment>
  <section
    class="MuiBox-root css-0"
  >
    <div
      class="MuiContainer-root MuiContainer-maxWidthLg LabSection-container css-1"
    >
      <div
        class="MuiGrid-root MuiGrid-container MuiGrid-spacing-xs-10 css-2"
      >
        <div
          class="MuiGrid-root MuiGrid-item MuiGrid-grid-xs-12 MuiGrid-grid-md-1 css-3"
        >
          <h2
            class="MuiTypography-root MuiTypography-body-xs LabTeamSection-pretitle css-4"
          >
            title
          </h2>
        </div>
        <div
          class="MuiGrid-root MuiGrid-item MuiGrid-grid-xs-12 MuiGrid-grid-md-11 css-5"
        >
          <div
            class="MuiGrid-root MuiGrid-container MuiGrid-spacing-xs-10 css-2"
          >
            <div
              class="MuiGrid-root MuiGrid-item MuiGrid-grid-xs-12 MuiGrid-grid-md-3 css-7"
            >
              <div
                class="LabTeamSection-image"
              >
                {"src":"/images/pages/about/team/member1.jpg","alt":"items.0.photo.alt","title":"items.0.name | items.0.title","width":238,"height":238,"objectFit":"cover","placeholder":"blur","blurDataURL":"/images/placeholder.svg"}
              </div>
            </div>
            <div
              class="MuiGrid-root MuiGrid-item MuiGrid-grid-xs-12 MuiGrid-grid-md-9 css-8"
            >
              <h3
                class="MuiTypography-root MuiTypography-body-xs css-9"
              >
                items.0.name | items.0.title
              </h3>
              <p
                class="MuiTypography-root MuiTypography-body-sm css-10"
              >
                items.0.bio
              </p>
              <div
                class="MuiBox-root css-11"
              >
                <button
                  class="MuiButton-root MuiButton-text MuiButton-textPrimary MuiButton-sizeSmall MuiButton-textSizeSmall MuiButton-disableElevation MuiButtonBase-root css-12"
                  tabindex="0"
                  type="button"
                >
                  common:common.read-more
                  <span
                    class="MuiTouchRipple-root css-13"
                  />
                </button>
              </div>
              <div
                class="MuiCollapse-root MuiCollapse-vertical MuiCollapse-hidden css-14"
                style="min-height: 0px;"
              >
                <div
                  class="MuiCollapse-wrapper MuiCollapse-vertical css-15"
                >
                  <div
                    class="MuiCollapse-wrapperInner MuiCollapse-vertical css-16"
                  >
                    <p
                      class="MuiTypography-root MuiTypography-body-sm css-17"
                    >
                      items.0.description
                    </p>
                  </div>
                </div>
              </div>
            </div>
          </div>
        </div>
      </div>
    </div>
  </section>
</DocumentFragment>
`;
