// Jest Snapshot v1, https://goo.gl/fbAQLP

exports[`<ApproachSection /> has valid snapshot 1`] = `
<DocumentFragment>
  <section
    class="MuiBox-root css-0"
  >
    <div
      class="MuiContainer-root MuiContainer-maxWidthLg LabSection-container css-1"
    >
      <div
        class="MuiGrid-root MuiGrid-container MuiGrid-spacing-xs-undefined css-2"
      >
        <div
          class="MuiGrid-root MuiGrid-item MuiGrid-grid-xs-12 MuiGrid-grid-md-4 css-3"
        >
          <h2
            class="MuiTypography-root MuiTypography-body-md LabValueSection-pretitle css-4"
          >
            pretitle
          </h2>
        </div>
        <div
          class="MuiGrid-root MuiGrid-item MuiGrid-grid-xs-12 MuiGrid-grid-md-8 css-5"
        >
          <h3
            class="MuiTypography-root MuiTypography-h2 css-6"
          >
            title
          </h3>
          <p
            class="MuiTypography-root MuiTypography-body-sm css-7"
          >
            description
          </p>
        </div>
      </div>
    </div>
  </section>
</DocumentFragment>
`;
