// Jest Snapshot v1, https://goo.gl/fbAQLP

exports[`<GallerySection /> has valid snapshot 1`] = `
<DocumentFragment>
  <section
    class="MuiBox-root css-0"
  >
    <div
      class="MuiContainer-root MuiContainer-maxWidthLg LabSection-container css-1"
    >
      <div
        class="MuiBox-root css-2"
      >
        <div
          class="MuiBox-root css-3"
        >
          {"src":"/images/pages/about/gallery/test1.jpg","alt":"items.0.alt","title":"items.0.caption","width":900,"height":1200,"objectFit":"cover"}
        </div>
        <div
          class="MuiBox-root css-3"
        >
          {"src":"/images/pages/about/gallery/test2.jpg","alt":"items.1.alt","title":"items.1.caption","width":900,"height":900,"objectFit":"cover"}
        </div>
        <div
          class="MuiBox-root css-3"
        >
          {"src":"/images/pages/about/gallery/test3.jpg","alt":"items.2.alt","title":"items.2.caption","width":900,"height":1200,"objectFit":"cover"}
        </div>
        <div
          class="MuiBox-root css-3"
        >
          {"src":"/images/pages/about/gallery/test4.jpg","alt":"items.3.alt","title":"items.3.caption","width":900,"height":900,"objectFit":"cover"}
        </div>
      </div>
    </div>
  </section>
</DocumentFragment>
`;
