// Jest Snapshot v1, https://goo.gl/fbAQLP

exports[`<CardsSection /> has valid snapshot 1`] = `
<DocumentFragment>
  <div
    class="css-0"
  >
    <div
      class="MuiBox-root css-1"
    >
      <h3
        class="MuiTypography-root MuiTypography-h4 css-2"
      >
        heading1
      </h3>
      <p
        class="MuiTypography-root MuiTypography-body css-3"
      >
        content1
      </p>
    </div>
    <div
      class="MuiBox-root css-4"
    >
      <h3
        class="MuiTypography-root MuiTypography-h4 css-2"
      >
        heading2
      </h3>
      <p
        class="MuiTypography-root MuiTypography-body css-3"
      >
        content2
      </p>
    </div>
    <div
      class="MuiBox-root css-1"
    >
      <h3
        class="MuiTypography-root MuiTypography-h4 css-2"
      >
        heading3
      </h3>
      <p
        class="MuiTypography-root MuiTypography-body css-3"
      >
        content3
      </p>
    </div>
  </div>
</DocumentFragment>
`;
