// Jest Snapshot v1, https://goo.gl/fbAQLP

exports[`<BenefitSection /> has valid snapshot 1`] = `
<DocumentFragment>
  <section
    class="MuiBox-root css-0"
  >
    <div
      class="MuiContainer-root MuiContainer-maxWidthLg LabSection-container css-1"
    >
      <div
        class="MuiGrid-root MuiGrid-container MuiGrid-spacing-xs-undefined css-2"
      >
        <div
          class="MuiGrid-root MuiGrid-item MuiGrid-grid-xs-12 MuiGrid-grid-md-4 css-3"
        >
          <h2
            class="MuiTypography-root MuiTypography-body-xs LabBenefitSection-pretitle css-4"
          >
            pretitle
          </h2>
        </div>
        <div
          class="MuiGrid-root MuiGrid-item MuiGrid-grid-xs-12 MuiGrid-grid-md-8 css-5"
        >
          <h3
            class="MuiTypography-root MuiTypography-h2 css-6"
          >
            title
          </h3>
          <p
            class="MuiTypography-root MuiTypography-body-sm css-7"
          >
            description
          </p>
        </div>
        <div
          class="MuiGrid-root MuiGrid-item MuiGrid-grid-xs-12 MuiGrid-grid-md-4 css-3"
        />
        <div
          class="MuiGrid-root MuiGrid-item MuiGrid-grid-xs-12 MuiGrid-grid-md-8 css-5"
        >
          <div
            class="MuiGrid-root MuiGrid-container MuiGrid-spacing-xs-undefined css-10"
          >
            <div
              class="MuiGrid-root MuiGrid-item MuiGrid-grid-xs-12 MuiGrid-grid-md-6 css-11"
            >
              <div
                class="LabBenefitCard-root"
              >
                <div
                  class="LabBenefitCard-image"
                >
                  {"src":"/images/pages/service/benefit/benefit1.svg","alt":"","width":60,"height":60,"objectFit":"contain","placeholder":"blur","blurDataURL":"/images/placeholder.svg"}
                </div>
                <h4
                  class="MuiTypography-root MuiTypography-h5 LabBenefitCard-title css-12"
                >
                  items.0.title
                </h4>
                <p
                  class="MuiTypography-root MuiTypography-body-xs css-13"
                >
                  items.0.description
                </p>
              </div>
            </div>
            <div
              class="MuiGrid-root MuiGrid-item MuiGrid-grid-xs-12 MuiGrid-grid-md-6 css-11"
            >
              <div
                class="LabBenefitCard-root"
              >
                <div
                  class="LabBenefitCard-image"
                >
                  {"src":"/images/pages/service/benefit/benefit2.svg","alt":"","width":60,"height":60,"objectFit":"contain","placeholder":"blur","blurDataURL":"/images/placeholder.svg"}
                </div>
                <h4
                  class="MuiTypography-root MuiTypography-h5 LabBenefitCard-title css-12"
                >
                  items.1.title
                </h4>
                <p
                  class="MuiTypography-root MuiTypography-body-xs css-13"
                >
                  items.1.description
                </p>
              </div>
            </div>
            <div
              class="MuiGrid-root MuiGrid-item MuiGrid-grid-xs-12 MuiGrid-grid-md-6 css-11"
            >
              <div
                class="LabBenefitCard-root"
              >
                <div
                  class="LabBenefitCard-image"
                >
                  {"src":"/images/pages/service/benefit/benefit3.svg","alt":"","width":60,"height":60,"objectFit":"contain","placeholder":"blur","blurDataURL":"/images/placeholder.svg"}
                </div>
                <h4
                  class="MuiTypography-root MuiTypography-h5 LabBenefitCard-title css-12"
                >
                  items.2.title
                </h4>
                <p
                  class="MuiTypography-root MuiTypography-body-xs css-13"
                >
                  items.2.description
                </p>
              </div>
            </div>
            <div
              class="MuiGrid-root MuiGrid-item MuiGrid-grid-xs-12 MuiGrid-grid-md-6 css-11"
            >
              <div
                class="LabBenefitCard-root"
              >
                <div
                  class="LabBenefitCard-image"
                >
                  {"src":"/images/pages/service/benefit/benefit4.svg","alt":"","width":60,"height":60,"objectFit":"contain","placeholder":"blur","blurDataURL":"/images/placeholder.svg"}
                </div>
                <h4
                  class="MuiTypography-root MuiTypography-h5 LabBenefitCard-title css-12"
                >
                  items.3.title
                </h4>
                <p
                  class="MuiTypography-root MuiTypography-body-xs css-13"
                >
                  items.3.description
                </p>
              </div>
            </div>
          </div>
        </div>
      </div>
    </div>
  </section>
</DocumentFragment>
`;
