// Jest Snapshot v1, https://goo.gl/fbAQLP

exports[`<QuoteCard /> has valid snapshot 1`] = `
<DocumentFragment>
  <div
    class="MuiBox-root css-0"
  >
    <div
      class="MuiGrid-root MuiGrid-container MuiGrid-spacing-xs-undefined css-1"
    >
      <div
        class="MuiGrid-root MuiGrid-item MuiGrid-grid-xs-12 MuiGrid-grid-md-4 css-2"
      >
        <div
          class="LabQuoteCard-image"
        >
          {"src":"/image.jpg","alt":"items.1.photo.alt","title":"items.1.photo.caption","width":112,"height":112,"objectFit":"cover","placeholder":"blur","blurDataURL":"/images/placeholder.svg"}
        </div>
      </div>
      <div
        class="MuiGrid-root MuiGrid-item MuiGrid-grid-xs-12 MuiGrid-grid-md-8 css-3"
      >
        <div
          class="LabQuoteCard-content MuiBox-root css-4"
          data-testid="RichContent"
        >
          <p>
            items.1.quote
          </p>
        </div>
        <p
          class="MuiTypography-root MuiTypography-body css-5"
        >
          items.1.name / items.1.position
        </p>
      </div>
    </div>
  </div>
</DocumentFragment>
`;
