// Jest Snapshot v1, https://goo.gl/fbAQLP

exports[`<InfoSection /> has valid snapshot 1`] = `
<DocumentFragment>
  <section
    class="css-0"
  >
    <div
      class="LabInfoSection-before"
    />
    <div
      class="MuiContainer-root MuiContainer-maxWidthLg MuiContainer-disableGutters LabInfoSection-content css-1"
    >
      <div
        class="MuiContainer-root MuiContainer-maxWidthLg css-2"
      >
        <div
          class="LabInfoSection-contentPanel"
        >
          <h2
            class="MuiTypography-root MuiTypography-h2 css-3"
          >
            title
          </h2>
          <div
            class="MuiGrid-root MuiGrid-container MuiGrid-spacing-xs-12 css-4"
          >
            <div
              class="MuiGrid-root MuiGrid-item MuiGrid-grid-xs-12 MuiGrid-grid-md-4 css-5"
            >
              <h3
                class="MuiTypography-root MuiTypography-h5 LabBenefitSection-itemTitle css-6"
              >
                items.0.title
              </h3>
              <p
                class="MuiTypography-root MuiTypography-body-xs css-7"
              >
                items.0.description
              </p>
            </div>
            <div
              class="MuiGrid-root MuiGrid-item MuiGrid-grid-xs-12 MuiGrid-grid-md-4 css-5"
            >
              <h3
                class="MuiTypography-root MuiTypography-h5 LabBenefitSection-itemTitle css-6"
              >
                items.1.title
              </h3>
              <p
                class="MuiTypography-root MuiTypography-body-xs css-7"
              >
                items.1.description
              </p>
            </div>
            <div
              class="MuiGrid-root MuiGrid-item MuiGrid-grid-xs-12 MuiGrid-grid-md-4 css-5"
            >
              <h3
                class="MuiTypography-root MuiTypography-h5 LabBenefitSection-itemTitle css-6"
              >
                items.2.title
              </h3>
              <p
                class="MuiTypography-root MuiTypography-body-xs css-7"
              >
                items.2.description
              </p>
            </div>
          </div>
        </div>
      </div>
    </div>
    <div
      class="LabInfoSection-after"
    />
  </section>
</DocumentFragment>
`;
